Build started 07/03/2026 09:36:57.
Test run for C:\Develop\Claude\opencode-tracker\AIUsageTracker.Tests\bin\Debug\net8.0-windows10.0.17763.0\AIUsageTracker.Tests.dll (.NETCoreApp,Version=v8.0)
VSTest version 17.11.1 (x64)

     1>Project "C:\Develop\Claude\opencode-tracker\AIUsageTracker.Tests\AIUsageTracker.Tests.csproj" on node 1 (VSTest target(s)).
     1>_VSTestConsole:
         MSB4181: The "VSTestTask" task returned false but did not log an error.
     1>Done Building Project "C:\Develop\Claude\opencode-tracker\AIUsageTracker.Tests\AIUsageTracker.Tests.csproj" (VSTest target(s)) -- FAILED.

Build FAILED.
    0 Warning(s)
    0 Error(s)

Time Elapsed 00:00:00.34
